// Jest Snapshot v1, https://goo.gl/fbAQLP

exports[`RepoDrawer component should render RepoDrawer component 1`] = `
<DrawerContainer
  stacked={false}
>
  <DrawerTitle
    onCancelAction={
      Object {
        "bsStyle": "default btn-inverse",
        "label": "Cancel",
        "name": "cancel",
        "onClick": [Function],
      }
    }
    title="Repo edit"
  />
  <DrawerContent>
    <Connect(DrawerForm) />
  </DrawerContent>
</DrawerContainer>
`;
